== parse_hits: min_identity_hetero=50 ==
  ✓ DEH24_02300.mhtml [DEH24_02300/alt]: 232 hits, 5 kept
  ✓ DEH24_16585.mhtml [DEH24_16585/alt]: 115 hits, 0 kept
  ✓ EZ55_00751.mhtml [EZ55_00751/alt]: 69 hits, 0 kept
  ✓ EZ55_01060.mhtml [EZ55_01060/alt]: 134 hits, 2 kept
  ✓ HBY40558.mhtml [DEH24_14130/alt]: 250 hits, 7 kept
  ✓ WP_014948722.mhtml [ACZ81_05680/alt]: 93 hits, 0 kept
  ✓ WP_020745975.mhtml [EZ55_02117/alt]: 138 hits, 0 kept
  ✓ WP_061486133.mhtml [ACZ81_12890/alt]: 112 hits, 1 kept
  ✓ NATL1_02111.html [NATL1_02111/pro]: 8 hits, 3 kept
  ✓ PMM1028.html [PMM1028/pro]: 1 hits, 1 kept
  ✓ PMM1135.html [PMM1135/pro]: 18 hits, 18 kept
  ✓ PMM1404.html [PMM1404/pro]: 8 hits, 8 kept
  ✓ PMT1742.html [PMT1742/pro]: 152 hits, 4 kept
  ✓ PMT9312_0549.html [PMT9312_0549/pro]: 112 hits, 33 kept
  ✓ PMT9312_0550.html [PMT9312_0550/pro]: 241 hits, 19 kept
  ✓ Pro0418.html [Pro0418/pro]: 84 hits, 2 kept
  ✓ BL107_07454.mhtml [BL107_07454/syn]: 72 hits, 2 kept
  ✓ BL107_11441.mhtml [BL107_11441/syn]: 14 hits, 12 kept
  ✓ BL107_16040.mhtml [BL107_16040/syn]: 220 hits, 6 kept
  ✓ SYNPCC7002_C0017.mhtml [SYNPCC7002_C0017/syn]: 213 hits, 4 kept
  ✓ SYNW1780.mhtml [SYNW1780/syn]: 166 hits, 5 kept
  ✓ SYNW1812.mhtml [SYNW1812/syn]: 4 hits, 1 kept
  ✓ SynWH7803_0353.mhtml [SynWH7803_0353/syn]: 62 hits, 13 kept
  ✓ SynWH7803_2236.html [SynWH7803_2236/syn]: 43 hits, 26 kept

=== summary ===
files parsed: 24 seeds
total hits: 2561 | kept: 172 | dropped (taxonomy): 2389
  of dropped: 15 were MAG-flagged
kept-hit tier mix:
tier
cyano       157
kg_genus     15

paper rows (kept hits, pre-dedup): 343
  unique DOIs: 13 | unique PMCIDs: 200

top dropped genera: [{'genus': 'Pseudomonas', 'hit_count': 132}, {'genus': 'Staphylococcus', 'hit_count': 83}, {'genus': 'Vibrio', 'hit_count': 72}, {'genus': 'Clostridium', 'hit_count': 69}, {'genus': 'Streptococcus', 'hit_count': 63}, {'genus': 'Mycobacterium', 'hit_count': 51}, {'genus': 'Escherichia', 'hit_count': 50}, {'genus': 'Salmonella', 'hit_count': 41}, {'genus': 'Acinetobacter', 'hit_count': 39}, {'genus': 'Burkholderia', 'hit_count': 38}, {'genus': 'Xanthomonas', 'hit_count': 37}, {'genus': 'Bacillus', 'hit_count': 37}]
