input paper rows (kept hits): 305
distinct papers: 164
distinct papers needing DOI resolution: 164 (of 164; 0 already had a DOI)
  idconv batch 1: +62 ids
already in KG: 10 | new candidates: 154

=== candidate shortlist: 154 new papers ===
by priority tier:
priority
1     19
2    135
  p1 = in-Cyanorak | p2 = other-cyano (pro/syn) | p3 = heterotroph
by kind:
kind
other                   140
omics                     6
comparative_genomics      5
characterization          3
in_cyanorak: 19 | omics+comparative-genomics (score>=2): 11
multi-seed (hit by >1 seed): 33
resolved DOI: 154/154
